###############################################################################
#
# IAR ELF Linker V7.40.3.8902/W32 for ARM                 11/Jul/2019  09:50:28
# Copyright 2007-2015 IAR Systems AB.
#
#    Output file  =  
#        F:\STM32\armfly\V4配套资料\02.配套例程\02.CPU内部资源例程（10个例子）\V4-007_ADC采集和软件滤波例程（V1.0）\67a5492c80c6aef8a123b9bbd4fc5690e22b3711\V4-007_ADC采集和软件滤波例程\Project\EWARMv6\Flash\Exe\stm32-f3.out
#    Map file     =  
#        F:\STM32\armfly\V4配套资料\02.配套例程\02.CPU内部资源例程（10个例子）\V4-007_ADC采集和软件滤波例程（V1.0）\67a5492c80c6aef8a123b9bbd4fc5690e22b3711\V4-007_ADC采集和软件滤波例程\Project\EWARMv6\Flash\List\stm32-f3.map
#    Command line =  
#        F:\STM32\armfly\V4配套资料\02.配套例程\02.CPU内部资源例程（10个例子）\V4-007_ADC采集和软件滤波例程（V1.0）\67a5492c80c6aef8a123b9bbd4fc5690e22b3711\V4-007_ADC采集和软件滤波例程\Project\EWARMv6\Flash\Obj\bsp.o
#        F:\STM32\armfly\V4配套资料\02.配套例程\02.CPU内部资源例程（10个例子）\V4-007_ADC采集和软件滤波例程（V1.0）\67a5492c80c6aef8a123b9bbd4fc5690e22b3711\V4-007_ADC采集和软件滤波例程\Project\EWARMv6\Flash\Obj\bsp_key.o
#        F:\STM32\armfly\V4配套资料\02.配套例程\02.CPU内部资源例程（10个例子）\V4-007_ADC采集和软件滤波例程（V1.0）\67a5492c80c6aef8a123b9bbd4fc5690e22b3711\V4-007_ADC采集和软件滤波例程\Project\EWARMv6\Flash\Obj\bsp_led.o
#        F:\STM32\armfly\V4配套资料\02.配套例程\02.CPU内部资源例程（10个例子）\V4-007_ADC采集和软件滤波例程（V1.0）\67a5492c80c6aef8a123b9bbd4fc5690e22b3711\V4-007_ADC采集和软件滤波例程\Project\EWARMv6\Flash\Obj\bsp_tim_pwm.o
#        F:\STM32\armfly\V4配套资料\02.配套例程\02.CPU内部资源例程（10个例子）\V4-007_ADC采集和软件滤波例程（V1.0）\67a5492c80c6aef8a123b9bbd4fc5690e22b3711\V4-007_ADC采集和软件滤波例程\Project\EWARMv6\Flash\Obj\bsp_timer.o
#        F:\STM32\armfly\V4配套资料\02.配套例程\02.CPU内部资源例程（10个例子）\V4-007_ADC采集和软件滤波例程（V1.0）\67a5492c80c6aef8a123b9bbd4fc5690e22b3711\V4-007_ADC采集和软件滤波例程\Project\EWARMv6\Flash\Obj\bsp_uart_fifo.o
#        F:\STM32\armfly\V4配套资料\02.配套例程\02.CPU内部资源例程（10个例子）\V4-007_ADC采集和软件滤波例程（V1.0）\67a5492c80c6aef8a123b9bbd4fc5690e22b3711\V4-007_ADC采集和软件滤波例程\Project\EWARMv6\Flash\Obj\main.o
#        F:\STM32\armfly\V4配套资料\02.配套例程\02.CPU内部资源例程（10个例子）\V4-007_ADC采集和软件滤波例程（V1.0）\67a5492c80c6aef8a123b9bbd4fc5690e22b3711\V4-007_ADC采集和软件滤波例程\Project\EWARMv6\Flash\Obj\misc.o
#        F:\STM32\armfly\V4配套资料\02.配套例程\02.CPU内部资源例程（10个例子）\V4-007_ADC采集和软件滤波例程（V1.0）\67a5492c80c6aef8a123b9bbd4fc5690e22b3711\V4-007_ADC采集和软件滤波例程\Project\EWARMv6\Flash\Obj\startup_stm32f10x_hd.o
#        F:\STM32\armfly\V4配套资料\02.配套例程\02.CPU内部资源例程（10个例子）\V4-007_ADC采集和软件滤波例程（V1.0）\67a5492c80c6aef8a123b9bbd4fc5690e22b3711\V4-007_ADC采集和软件滤波例程\Project\EWARMv6\Flash\Obj\stm32f10x_adc.o
#        F:\STM32\armfly\V4配套资料\02.配套例程\02.CPU内部资源例程（10个例子）\V4-007_ADC采集和软件滤波例程（V1.0）\67a5492c80c6aef8a123b9bbd4fc5690e22b3711\V4-007_ADC采集和软件滤波例程\Project\EWARMv6\Flash\Obj\stm32f10x_assert.o
#        F:\STM32\armfly\V4配套资料\02.配套例程\02.CPU内部资源例程（10个例子）\V4-007_ADC采集和软件滤波例程（V1.0）\67a5492c80c6aef8a123b9bbd4fc5690e22b3711\V4-007_ADC采集和软件滤波例程\Project\EWARMv6\Flash\Obj\stm32f10x_gpio.o
#        F:\STM32\armfly\V4配套资料\02.配套例程\02.CPU内部资源例程（10个例子）\V4-007_ADC采集和软件滤波例程（V1.0）\67a5492c80c6aef8a123b9bbd4fc5690e22b3711\V4-007_ADC采集和软件滤波例程\Project\EWARMv6\Flash\Obj\stm32f10x_it.o
#        F:\STM32\armfly\V4配套资料\02.配套例程\02.CPU内部资源例程（10个例子）\V4-007_ADC采集和软件滤波例程（V1.0）\67a5492c80c6aef8a123b9bbd4fc5690e22b3711\V4-007_ADC采集和软件滤波例程\Project\EWARMv6\Flash\Obj\stm32f10x_rcc.o
#        F:\STM32\armfly\V4配套资料\02.配套例程\02.CPU内部资源例程（10个例子）\V4-007_ADC采集和软件滤波例程（V1.0）\67a5492c80c6aef8a123b9bbd4fc5690e22b3711\V4-007_ADC采集和软件滤波例程\Project\EWARMv6\Flash\Obj\stm32f10x_tim.o
#        F:\STM32\armfly\V4配套资料\02.配套例程\02.CPU内部资源例程（10个例子）\V4-007_ADC采集和软件滤波例程（V1.0）\67a5492c80c6aef8a123b9bbd4fc5690e22b3711\V4-007_ADC采集和软件滤波例程\Project\EWARMv6\Flash\Obj\stm32f10x_usart.o
#        F:\STM32\armfly\V4配套资料\02.配套例程\02.CPU内部资源例程（10个例子）\V4-007_ADC采集和软件滤波例程（V1.0）\67a5492c80c6aef8a123b9bbd4fc5690e22b3711\V4-007_ADC采集和软件滤波例程\Project\EWARMv6\Flash\Obj\system_stm32f10x.o
#        --redirect _Printf=_PrintfFull --redirect _Scanf=_ScanfFull -o
#        F:\STM32\armfly\V4配套资料\02.配套例程\02.CPU内部资源例程（10个例子）\V4-007_ADC采集和软件滤波例程（V1.0）\67a5492c80c6aef8a123b9bbd4fc5690e22b3711\V4-007_ADC采集和软件滤波例程\Project\EWARMv6\Flash\Exe\stm32-f3.out
#        --map
#        F:\STM32\armfly\V4配套资料\02.配套例程\02.CPU内部资源例程（10个例子）\V4-007_ADC采集和软件滤波例程（V1.0）\67a5492c80c6aef8a123b9bbd4fc5690e22b3711\V4-007_ADC采集和软件滤波例程\Project\EWARMv6\Flash\List\stm32-f3.map
#        --config
#        F:\STM32\armfly\V4配套资料\02.配套例程\02.CPU内部资源例程（10个例子）\V4-007_ADC采集和软件滤波例程（V1.0）\67a5492c80c6aef8a123b9bbd4fc5690e22b3711\V4-007_ADC采集和软件滤波例程\Project\EWARMv6\stm32f10x_flash.icf
#        --semihosting --entry __iar_program_start --vfe
#
###############################################################################

*******************************************************************************
*** RUNTIME MODEL ATTRIBUTES
***

CppFlavor                     = *
__Heap_Handler                = Basic
__SystemLibrary               = DLib
__dlib_dynamic_initialization = normal


*******************************************************************************
*** PLACEMENT SUMMARY
***

"A1":  place at 0x08000000 { ro section .intvec };
"P1":  place in [from 0x08000000 to 0x0807ffff] { ro };
"P2":  place in [from 0x20000000 to 0x2000ffff] { rw, block CSTACK, block HEAP };

  Section             Kind        Address    Size  Object
  -------             ----        -------    ----  ------
"A1":                                       0x130
  .intvec             ro code  0x08000000   0x130  startup_stm32f10x_hd.o [1]
                             - 0x08000130   0x130

"P1":                                      0x36ff
  .text               ro code  0x08000130  0x1156  xprintffull.o [3]
  .text               ro code  0x08001286    0x20  xmbtowc.o [3]
  .text               ro code  0x080012a8    0x16  strchr.o [5]
  .text               ro code  0x080012c0    0x36  strlen.o [5]
  .text               ro code  0x080012f8    0x58  memchr.o [5]
  .text               ro code  0x08001350     0xa  xmbcurmax.o [3]
  .text               ro code  0x0800135c    0xb0  xxmemxmalloc.o [3]
  .text               ro code  0x0800140c    0x1a  xwctomb.o [3]
  .text               ro code  0x08001428    0x76  ABImemcpy_unaligned.o [5]
  .text               ro code  0x080014a0    0x80  xxmemxfree.o [3]
  .text               ro code  0x08001520    0xee  I64DivMod.o [5]
  .text               ro code  0x0800160e    0x42  xdnorm.o [4]
  .text               ro code  0x08001650    0x2e  DblCmpLe.o [4]
  .text               ro code  0x08001680    0x2e  DblCmpGe.o [4]
  .text               ro code  0x080016b0   0x110  xdscale.o [4]
  .text               ro code  0x080017c0    0x58  DblToI32.o [4]
  .text               ro code  0x08001818    0x30  I32ToDbl.o [4]
  .text               ro code  0x08001848   0x180  DblSub.o [4]
  .text               ro code  0x080019c8   0x1a2  DblMul.o [4]
  .text               ro code  0x08001b6c   0x256  DblDiv.o [4]
  .text               ro code  0x08001dc4    0x6c  localeconv.o [3]
  .text               ro code  0x08001e30     0xe  div.o [3]
  .text               ro code  0x08001e40    0x14  setlocale.o [3]
  .text               ro code  0x08001e54    0x60  xencoding_sb.o [3]
  .text               ro code  0x08001eb4    0x2c  xgetmemchunk.o [3]
  .text               ro code  0x08001ee0     0x2  I64DivZer.o [5]
  .text               ro code  0x08001ee4    0xd4  DblAdd.o [4]
  .text               ro code  0x08001fb8     0x2  xtls.o [3]
  .text               ro code  0x08001fbc   0x454  bsp_uart_fifo.o [1]
  .text               ro code  0x08002410    0x78  misc.o [1]
  .text               ro code  0x08002488   0x134  stm32f10x_usart.o [1]
  .text               ro code  0x080025bc    0xb4  stm32f10x_rcc.o [1]
  .text               ro code  0x08002670    0xb6  stm32f10x_gpio.o [1]
  .text               ro code  0x08002728   0x388  main.o [1]
  .text               ro code  0x08002ab0    0x28  bsp.o [1]
  .text               ro code  0x08002ad8    0x24  printf.o [3]
  .text               ro code  0x08002afc   0x120  stm32f10x_adc.o [1]
  .text               ro code  0x08002c1c   0x328  bsp_timer.o [1]
  .text               ro code  0x08002f44   0x306  bsp_key.o [1]
  .text               ro code  0x0800324c    0x9c  bsp_led.o [1]
  .text               ro code  0x080032e8    0xf0  stm32f10x_tim.o [1]
  .text               ro code  0x080033d8    0xec  system_stm32f10x.o [1]
  .text               ro code  0x080034c4    0xd0  packbits_init.o [5]
  .text               ro code  0x08003594     0x6  abort.o [3]
  .text               ro code  0x0800359c    0x14  exit.o [6]
  .text               ro code  0x080035b0    0x40  zero_init3.o [5]
  .text               ro code  0x080035f0    0x28  data_init.o [5]
  .iar.init_table     const    0x08003618    0x2c  - Linker created -
  .text               ro code  0x08003644    0x1c  stm32f10x_it.o [1]
  .text               ro code  0x08003660    0x1a  cmain.o [5]
  .text               ro code  0x0800367a     0x4  low_level_init.o [3]
  .text               ro code  0x0800367e     0x4  exit.o [3]
  .text               ro code  0x08003684     0xa  cexit.o [5]
  .text               ro code  0x0800368e    0x16  xprout.o [3]
  .text               ro code  0x080036a4     0xc  putchar.o [3]
  .text               ro code  0x080036b0    0x10  startup_stm32f10x_hd.o [1]
  .text               ro code  0x080036c0     0xc  cstartup_M.o [5]
  .text               ro code  0x080036cc     0x4  startup_stm32f10x_hd.o [1]
  .text               ro code  0x080036d0     0x4  startup_stm32f10x_hd.o [1]
  .text               ro code  0x080036d4     0x4  startup_stm32f10x_hd.o [1]
  .text               ro code  0x080036d8     0x4  startup_stm32f10x_hd.o [1]
  .text               ro code  0x080036dc     0x4  startup_stm32f10x_hd.o [1]
  .text               ro code  0x080036e0     0x4  startup_stm32f10x_hd.o [1]
  .text               ro code  0x080036e4     0x4  startup_stm32f10x_hd.o [1]
  .text               ro code  0x080036e8     0x4  startup_stm32f10x_hd.o [1]
  .text               ro code  0x080036ec     0x4  startup_stm32f10x_hd.o [1]
  .text               ro code  0x080036f0     0x4  startup_stm32f10x_hd.o [1]
  .text               ro code  0x080036f4     0x4  startup_stm32f10x_hd.o [1]
  .text               ro code  0x080036f8     0x4  startup_stm32f10x_hd.o [1]
  .text               ro code  0x080036fc     0x4  startup_stm32f10x_hd.o [1]
  .text               ro code  0x08003700     0x4  startup_stm32f10x_hd.o [1]
  .text               ro code  0x08003704     0x4  startup_stm32f10x_hd.o [1]
  .text               ro code  0x08003708     0x4  startup_stm32f10x_hd.o [1]
  .text               ro code  0x0800370c     0x4  startup_stm32f10x_hd.o [1]
  .text               ro code  0x08003710     0x4  startup_stm32f10x_hd.o [1]
  .text               ro code  0x08003714     0x4  startup_stm32f10x_hd.o [1]
  .text               ro code  0x08003718     0x4  startup_stm32f10x_hd.o [1]
  .text               ro code  0x0800371c     0x4  startup_stm32f10x_hd.o [1]
  .text               ro code  0x08003720     0x4  startup_stm32f10x_hd.o [1]
  .text               ro code  0x08003724     0x4  startup_stm32f10x_hd.o [1]
  .text               ro code  0x08003728     0x4  startup_stm32f10x_hd.o [1]
  .text               ro code  0x0800372c     0x4  startup_stm32f10x_hd.o [1]
  .text               ro code  0x08003730     0x4  startup_stm32f10x_hd.o [1]
  .text               ro code  0x08003734     0x4  startup_stm32f10x_hd.o [1]
  .text               ro code  0x08003738     0x4  startup_stm32f10x_hd.o [1]
  .text               ro code  0x0800373c     0x4  startup_stm32f10x_hd.o [1]
  .text               ro code  0x08003740     0x4  startup_stm32f10x_hd.o [1]
  .text               ro code  0x08003744     0x4  startup_stm32f10x_hd.o [1]
  .text               ro code  0x08003748     0x4  startup_stm32f10x_hd.o [1]
  .text               ro code  0x0800374c     0x4  startup_stm32f10x_hd.o [1]
  .text               ro code  0x08003750     0x4  startup_stm32f10x_hd.o [1]
  .text               ro code  0x08003754     0x4  startup_stm32f10x_hd.o [1]
  .text               ro code  0x08003758     0x4  startup_stm32f10x_hd.o [1]
  .text               ro code  0x0800375c     0x4  startup_stm32f10x_hd.o [1]
  .text               ro code  0x08003760     0x4  startup_stm32f10x_hd.o [1]
  .text               ro code  0x08003764     0x4  startup_stm32f10x_hd.o [1]
  .text               ro code  0x08003768     0x4  startup_stm32f10x_hd.o [1]
  .text               ro code  0x0800376c     0x4  startup_stm32f10x_hd.o [1]
  .text               ro code  0x08003770     0x4  startup_stm32f10x_hd.o [1]
  .text               ro code  0x08003774     0x4  startup_stm32f10x_hd.o [1]
  .text               ro code  0x08003778     0x4  startup_stm32f10x_hd.o [1]
  .text               ro code  0x0800377c     0x4  startup_stm32f10x_hd.o [1]
  .text               ro code  0x08003780     0x4  startup_stm32f10x_hd.o [1]
  .text               ro code  0x08003784     0x4  startup_stm32f10x_hd.o [1]
  .text               ro code  0x08003788     0x4  startup_stm32f10x_hd.o [1]
  .text               ro code  0x0800378c     0x4  startup_stm32f10x_hd.o [1]
  .text               ro code  0x08003790     0x4  startup_stm32f10x_hd.o [1]
  .text               ro code  0x08003794     0x4  startup_stm32f10x_hd.o [1]
  .text               ro code  0x08003798     0x4  startup_stm32f10x_hd.o [1]
  .text               ro code  0x0800379c     0x4  startup_stm32f10x_hd.o [1]
  .text               ro code  0x080037a0     0x4  startup_stm32f10x_hd.o [1]
  .text               ro code  0x080037a4     0x4  startup_stm32f10x_hd.o [1]
  .text               ro code  0x080037a8     0x4  startup_stm32f10x_hd.o [1]
  .text               ro code  0x080037ac     0x4  startup_stm32f10x_hd.o [1]
  .text               ro code  0x080037b0     0x4  startup_stm32f10x_hd.o [1]
  .text               ro code  0x080037b4     0x4  startup_stm32f10x_hd.o [1]
  .text               ro code  0x080037b8     0x4  startup_stm32f10x_hd.o [1]
  .text               ro code  0x080037bc     0x4  startup_stm32f10x_hd.o [1]
  .text               ro code  0x080037c0     0x4  startup_stm32f10x_hd.o [1]
  .text               ro code  0x080037c4     0x4  startup_stm32f10x_hd.o [1]
  .text               ro code  0x080037c8     0x4  startup_stm32f10x_hd.o [1]
  .text               ro code  0x080037cc     0x4  startup_stm32f10x_hd.o [1]
  .text               ro code  0x080037d0     0x4  startup_stm32f10x_hd.o [1]
  .text               ro code  0x080037d4     0x4  startup_stm32f10x_hd.o [1]
  .text               ro code  0x080037d8     0x4  startup_stm32f10x_hd.o [1]
  .text               ro code  0x080037dc     0x4  startup_stm32f10x_hd.o [1]
  .rodata             const    0x080037e0     0x0  zero_init3.o [5]
  .rodata             const    0x080037e0     0x0  packbits_init.o [5]
  Initializer bytes   const    0x080037e0    0x4f  <for P2 s0>
                             - 0x0800382f  0x36ff

"P2":                                      0x9f60
  P2 s0                        0x20000000   0x164  <Init block>
    __DLIB_PERTHREAD  inited   0x20000000    0x88  localeconv.o [3]
    __DLIB_PERTHREAD  inited   0x20000088    0x74  setlocale.o [3]
    .data             inited   0x200000fc    0x40  xfiles.o [3]
    .data             inited   0x2000013c    0x14  stm32f10x_rcc.o [1]
    .data             inited   0x20000150    0x14  system_stm32f10x.o [1]
  .bss                zero     0x20000164  0x1828  bsp_uart_fifo.o [1]
  .bss                zero     0x2000198c    0xa0  bsp_key.o [1]
  .bss                zero     0x20001a2c    0x50  xfiles.o [3]
  .bss                zero     0x20001a7c    0x30  bsp_timer.o [1]
  .bss                zero     0x20001aac    0x2c  main.o [1]
  .bss                zero     0x20001ad8    0x28  bsp_uart_fifo.o [1]
  .bss                zero     0x20001b00    0x28  bsp_uart_fifo.o [1]
  .bss                zero     0x20001b28    0x10  bsp_key.o [1]
  .bss                zero     0x20001b38    0x10  bsp_timer.o [1]
  .bss                zero     0x20001b48     0xc  bsp_timer.o [1]
  .bss                zero     0x20001b54     0x8  xxmemxmalloc.o [3]
  .bss                zero     0x20001b5c     0x4  xgetmemchunk.o [3]
  CSTACK                       0x20001b60  0x8000  <Block>
    CSTACK            uninit   0x20001b60  0x8000  <Block tail>
  HEAP                         0x20009b60   0x400  <Block>
    HEAP              uninit   0x20009b60   0x400  <Block tail>
                             - 0x20009f60  0x9f60


*******************************************************************************
*** INIT TABLE
***

          Address     Size
          -------     ----
Zero (__iar_zero_init3)
    1 destination range, total size 0x19fc:
          0x20000164  0x19fc

Copy/packbits (__iar_packbits_init3)
    1 source range, total size 0x4f (22% of destination):
          0x080037e0    0x4f
    1 destination range, total size 0x164:
          0x20000000   0x164



*******************************************************************************
*** MODULE SUMMARY
***

    Module                  ro code  ro data  rw data
    ------                  -------  -------  -------
F:\STM32\armfly\V4配套资料\02.配套例程\02.CPU内部资源例程（10个例子）\V4-007_ADC采集和软件滤波例程（V1.0）\67a5492c80c6aef8a123b9bbd4fc5690e22b3711\V4-007_ADC采集和软件滤波例程\Project\EWARMv6\Flash\Obj: [1]
    bsp.o                        40
    bsp_key.o                   774               176
    bsp_led.o                   156
    bsp_timer.o                 808                76
    bsp_uart_fifo.o           1 108             6 264
    main.o                      904                44
    misc.o                      120
    startup_stm32f10x_hd.o      596
    stm32f10x_adc.o             288
    stm32f10x_gpio.o            182
    stm32f10x_it.o               28
    stm32f10x_rcc.o             180        4       20
    stm32f10x_tim.o             240
    stm32f10x_usart.o           308
    system_stm32f10x.o          236        5       20
    -------------------------------------------------
    Total:                    5 968        9    6 600

command line: [2]
    -------------------------------------------------
    Total:

dl7M_tlf.a: [3]
    abort.o                       6
    div.o                        14
    exit.o                        4
    localeconv.o                108       30      136
    low_level_init.o              4
    printf.o                     36
    putchar.o                    12
    setlocale.o                  20       25      116
    xencoding_sb.o               96
    xfiles.o                              15      144
    xgetmemchunk.o               44                 4
    xmbcurmax.o                  10
    xmbtowc.o                    32
    xprintffull.o             4 438
    xprout.o                     22
    xtls.o                        2
    xwctomb.o                    26
    xxmemxfree.o                128
    xxmemxmalloc.o              176                 8
    -------------------------------------------------
    Total:                    5 178       70      408

m7M_tl.a: [4]
    DblAdd.o                    212
    DblCmpGe.o                   46
    DblCmpLe.o                   46
    DblDiv.o                    598
    DblMul.o                    418
    DblSub.o                    384
    DblToI32.o                   88
    I32ToDbl.o                   48
    xdnorm.o                     66
    xdscale.o                   272
    -------------------------------------------------
    Total:                    2 178

rt7M_tl.a: [5]
    ABImemcpy_unaligned.o       118
    I64DivMod.o                 238
    I64DivZer.o                   2
    cexit.o                      10
    cmain.o                      26
    cstartup_M.o                 12
    data_init.o                  40
    memchr.o                     88
    packbits_init.o             208
    strchr.o                     22
    strlen.o                     54
    zero_init3.o                 64
    -------------------------------------------------
    Total:                      882

shb_l.a: [6]
    exit.o                       20
    -------------------------------------------------
    Total:                       20

    Gaps                         34
    Linker created                        44   33 792
-----------------------------------------------------
    Grand Total:             14 260      123   40 800


*******************************************************************************
*** ENTRY LIST
***

Entry                      Address   Size  Type      Object
-----                      -------   ----  ----      ------
.iar.init_table$$Base   0x08003618          --   Gb  - Linker created -
.iar.init_table$$Limit  0x08003644          --   Gb  - Linker created -
?main                   0x08003661         Code  Gb  cmain.o [5]
ADCPrescTable           0x2000014c    0x4  Data  Lc  stm32f10x_rcc.o [1]
ADC_Cmd                 0x08002b39   0x12  Code  Gb  stm32f10x_adc.o [1]
ADC_DMACmd              0x08002b4b   0x12  Code  Gb  stm32f10x_adc.o [1]
ADC_GetCalibrationStatus
                        0x08002b77    0x4  Code  Gb  stm32f10x_adc.o [1]
ADC_GetConversionValue  0x08002bd3    0x6  Code  Gb  stm32f10x_adc.o [1]
ADC_GetResetCalibrationStatus
                        0x08002b67    0x6  Code  Gb  stm32f10x_adc.o [1]
ADC_Init                0x08002afd   0x3c  Code  Gb  stm32f10x_adc.o [1]
ADC_RegularChannelConfig
                        0x08002b93   0x40  Code  Gb  stm32f10x_adc.o [1]
ADC_ResetCalibration    0x08002b5d    0xa  Code  Gb  stm32f10x_adc.o [1]
ADC_SoftwareStartConvCmd
                        0x08002b81   0x12  Code  Gb  stm32f10x_adc.o [1]
ADC_StartCalibration    0x08002b6d    0xa  Code  Gb  stm32f10x_adc.o [1]
AHBPrescTable           0x20000150   0x10  Data  Gb  system_stm32f10x.o [1]
APBAHBPrescTable        0x2000013c   0x10  Data  Lc  stm32f10x_rcc.o [1]
AdcPro                  0x080028b5   0x46  Code  Gb  main.o [1]
BusFault_Handler        0x0800364b    0x2  Code  Gb  stm32f10x_it.o [1]
CSTACK$$Base            0x20001b60          --   Gb  - Linker created -
CSTACK$$Limit           0x20009b60          --   Gb  - Linker created -
ComToUart               0x0800200b   0x20  Code  Gb  bsp_uart_fifo.o [1]
DebugMon_Handler        0x08003651    0x2  Code  Gb  stm32f10x_it.o [1]
GPIO_Init               0x08002671   0xb6  Code  Gb  stm32f10x_gpio.o [1]
HEAP$$Base              0x20009b60          --   Gb  - Linker created -
HEAP$$Limit             0x20009f60          --   Gb  - Linker created -
HardFault_Handler       0x08003647    0x2  Code  Gb  stm32f10x_it.o [1]
InStream_Read           0x080034c5   0x22  Code  Lc  packbits_init.o [5]
InitHardUart            0x08002171  0x14e  Code  Lc  bsp_uart_fifo.o [1]
IsKeyDown1              0x08002f45   0x20  Code  Lc  bsp_key.o [1]
IsKeyDown10             0x08002fc5   0x20  Code  Lc  bsp_key.o [1]
IsKeyDown2              0x08002f65   0x20  Code  Lc  bsp_key.o [1]
IsKeyDown3              0x08002f85   0x20  Code  Lc  bsp_key.o [1]
IsKeyDown4              0x08002fe5    0xa  Code  Lc  bsp_key.o [1]
IsKeyDown5              0x08002fef    0x8  Code  Lc  bsp_key.o [1]
IsKeyDown6              0x08002fff    0xa  Code  Lc  bsp_key.o [1]
IsKeyDown7              0x08003009    0xa  Code  Lc  bsp_key.o [1]
IsKeyDown8              0x08003013    0xa  Code  Lc  bsp_key.o [1]
IsKeyDown9              0x08002fa5   0x20  Code  Lc  bsp_key.o [1]
LoadInt                 0x08000765   0x6e  Code  Lc  xprintffull.o [3]
MemManage_Handler       0x08003649    0x2  Code  Gb  stm32f10x_it.o [1]
NMI_Handler             0x08003645    0x2  Code  Gb  stm32f10x_it.o [1]
NVIC_Init               0x0800241b   0x5a  Code  Gb  misc.o [1]
NVIC_PriorityGroupConfig
                        0x08002411    0xa  Code  Gb  misc.o [1]
PendSV_Handler          0x08003653    0x2  Code  Gb  stm32f10x_it.o [1]
RCC_APB1PeriphClockCmd  0x08002645   0x12  Code  Gb  stm32f10x_rcc.o [1]
RCC_APB2PeriphClockCmd  0x08002633   0x12  Code  Gb  stm32f10x_rcc.o [1]
RCC_GetClocksFreq       0x080025bd   0x76  Code  Gb  stm32f10x_rcc.o [1]
RS485_InitTXE           0x080020af   0x26  Code  Gb  bsp_uart_fifo.o [1]
RS485_ReciveNew         0x080020e1    0x2  Code  Gb  bsp_uart_fifo.o [1]
RS485_SendBefor         0x080020d5    0x4  Code  Gb  bsp_uart_fifo.o [1]
RS485_SendOver          0x080020d9    0x2  Code  Gb  bsp_uart_fifo.o [1]
Region$$Table$$Base     0x08003618          --   Gb  - Linker created -
Region$$Table$$Limit    0x08003644          --   Gb  - Linker created -
SVC_Handler             0x0800364f    0x2  Code  Gb  stm32f10x_it.o [1]
SysTick_Handler         0x08002d35    0x2  Code  Gb  bsp_timer.o [1]
SysTick_ISR             0x08002c63   0x70  Code  Gb  bsp_timer.o [1]
SystemCoreClock         0x20000160    0x4  Data  Gb  system_stm32f10x.o [1]
SystemInit              0x080033d9   0xd8  Code  Gb  system_stm32f10x.o [1]
TIM2_IRQHandler         0x08002d9b   0x70  Code  Gb  bsp_timer.o [1]
TIM_ClearITPendingBit   0x080033a9    0x2  Code  Gb  stm32f10x_tim.o [1]
TIM_Cmd                 0x08003371   0x14  Code  Gb  stm32f10x_tim.o [1]
TIM_GetITStatus         0x08003395   0x14  Code  Gb  stm32f10x_tim.o [1]
TIM_ITConfig            0x08003385   0x10  Code  Gb  stm32f10x_tim.o [1]
TIM_TimeBaseInit        0x080032e9   0x88  Code  Gb  stm32f10x_tim.o [1]
USART1_IRQHandler       0x080023c1    0x4  Code  Gb  bsp_uart_fifo.o [1]
USART2_IRQHandler       0x080023c5    0x4  Code  Gb  bsp_uart_fifo.o [1]
USART3_IRQHandler       0x080023c9    0x4  Code  Gb  bsp_uart_fifo.o [1]
USART_ClearFlag         0x08002579    0x2  Code  Gb  stm32f10x_usart.o [1]
USART_Cmd               0x08002525   0x14  Code  Gb  stm32f10x_usart.o [1]
USART_GetITStatus       0x0800257b   0x3c  Code  Gb  stm32f10x_usart.o [1]
USART_ITConfig          0x08002539   0x30  Code  Gb  stm32f10x_usart.o [1]
USART_Init              0x08002489   0x96  Code  Gb  stm32f10x_usart.o [1]
USART_ReceiveData       0x08002571    0x8  Code  Gb  stm32f10x_usart.o [1]
USART_SendData          0x08002569    0x8  Code  Gb  stm32f10x_usart.o [1]
USB_LP_CAN1_RX0_IRQHandler
                        0x08003655    0x6  Code  Gb  stm32f10x_it.o [1]
UartIRQ                 0x08002307   0xba  Code  Lc  bsp_uart_fifo.o [1]
UartVarInit             0x080020e3   0x8e  Code  Lc  bsp_uart_fifo.o [1]
UsageFault_Handler      0x0800364d    0x2  Code  Gb  stm32f10x_it.o [1]
_EncodingSb_Mbtowc      0x08001e6f   0x30  Code  Gb  xencoding_sb.o [3]
_EncodingSb_Wctomb      0x08001e55   0x1a  Code  Gb  xencoding_sb.o [3]
_GenldFull              0x08000fef  0x24e  Code  Lc  xprintffull.o [3]
_IsdstStr               0x2000008c    0x4  Data  Gb  setlocale.o [3]
_LdtobFull              0x08000bed  0x3fc  Code  Lc  xprintffull.o [3]
_LitobFull              0x08000ae5  0x106  Code  Lc  xprintffull.o [3]
_LocaleEncoding         0x08001e41    0xe  Code  Gb  setlocale.o [3]
_LocaleReturnString     0x200000ac   0x50  Data  Lc  setlocale.o [3]
_Locale_Profile         0x20000090   0x1c  Data  Gb  setlocale.o [3]
_Locale_aeabi_lconv     0x20000050   0x38  Data  Gb  localeconv.o [3]
_Locale_lconv           0x20000000   0x50  Data  Gb  localeconv.o [3]
_Mbtowc                 0x08001287   0x20  Code  Gb  xmbtowc.o [3]
_PrintfFull             0x08000131  0x61e  Code  Gb  xprintffull.o [3]
_Prout                  0x0800368f   0x16  Code  Gb  xprout.o [3]
_PutcharsFull           0x0800123d   0x2e  Code  Lc  xprintffull.o [3]
_PutstrFull             0x080007d3  0x30c  Code  Lc  xprintffull.o [3]
_TzoneStr               0x20000088    0x4  Data  Gb  setlocale.o [3]
_Wctomb                 0x0800140d   0x1a  Code  Gb  xwctomb.o [3]
__aeabi_cdcmple         0x08001651         Code  Gb  DblCmpLe.o [4]
__aeabi_cdrcmple        0x08001681         Code  Gb  DblCmpGe.o [4]
__aeabi_d2iz            0x080017c1         Code  Gb  DblToI32.o [4]
__aeabi_d2uiz           0x080017ed         Code  Gb  DblToI32.o [4]
__aeabi_ddiv            0x08001b6d         Code  Gb  DblDiv.o [4]
__aeabi_dmul            0x080019c9         Code  Gb  DblMul.o [4]
__aeabi_dsub            0x08001849         Code  Gb  DblSub.o [4]
__aeabi_i2d             0x08001819         Code  Gb  I32ToDbl.o [4]
__aeabi_ldiv0           0x08001ee1         Code  Gb  I64DivZer.o [5]
__aeabi_ui2d            0x0800182d         Code  Gb  I32ToDbl.o [4]
__aeabi_uldivmod        0x08001521         Code  Gb  I64DivMod.o [5]
__cmain                 0x08003661         Code  Gb  cmain.o [5]
__data_Aldata           0x20001b54    0x8  Data  Gb  xxmemxmalloc.o [3]
__data_GetMemChunk      0x08001eb5   0x2c  Code  Gb  xgetmemchunk.o [3]
__exit                  0x0800359d   0x14  Code  Gb  exit.o [6]
__iar_Dnorm             0x0800160f   0x42  Code  Gb  xdnorm.o [4]
__iar_Dscale            0x080016b1  0x110  Code  Gb  xdscale.o [4]
__iar_Locale_lconv_init
                        0x08001dc5   0x3a  Code  Gb  localeconv.o [3]
__iar_Mbcurmax          0x08001351    0xa  Code  Gb  xmbcurmax.o [3]
__iar_Memchr            0x080012f9         Code  Gb  memchr.o [5]
__iar_Stdout            0x200000fc   0x40  Data  Gb  xfiles.o [3]
__iar_Strchr            0x080012a9         Code  Gb  strchr.o [5]
__iar_d2uiz             0x080017f9         Code  Gb  DblToI32.o [4]
__iar_dadd              0x08001ee5         Code  Gb  DblAdd.o [4]
__iar_data_init3        0x080035f1   0x28  Code  Gb  data_init.o [5]
__iar_dlib_perthread_access
                        0x08001fb9    0x2  Code  Gb  xtls.o [3]
__iar_dsub              0x0800185d         Code  Gb  DblSub.o [4]
__iar_dsubStart         0x0800186f         Code  Gb  DblSub.o [4]
__iar_packbits_init3    0x080034e7   0xae  Code  Gb  packbits_init.o [5]
__iar_program_start     0x080036c1         Code  Gb  cstartup_M.o [5]
__iar_ui2d              0x08001831         Code  Gb  I32ToDbl.o [4]
__iar_unaligned___aeabi_memcpy
                        0x08001429         Code  Gb  ABImemcpy_unaligned.o [5]
__iar_unaligned___aeabi_memcpy4
                        0x08001449         Code  Gb  ABImemcpy_unaligned.o [5]
__iar_unaligned___aeabi_memcpy8
                        0x08001449         Code  Gb  ABImemcpy_unaligned.o [5]
__iar_zero_init3        0x080035b1   0x40  Code  Gb  zero_init3.o [5]
__low_level_init        0x0800367b    0x4  Code  Gb  low_level_init.o [3]
__vector_table          0x08000000         Data  Gb  startup_stm32f10x_hd.o [1]
_call_main              0x0800366d         Code  Gb  cmain.o [5]
_exit                   0x08003685         Code  Gb  cexit.o [5]
_main                   0x08003677         Code  Gb  cmain.o [5]
abort                   0x08003595    0x6  Code  Gb  abort.o [3]
bsp_CheckTimer          0x08002d17   0x1e  Code  Gb  bsp_timer.o [1]
bsp_DetectKey           0x0800314f   0x98  Code  Lc  bsp_key.o [1]
bsp_GetKey              0x080030b7   0x20  Code  Gb  bsp_key.o [1]
bsp_Idle                0x08002ad7    0x2  Code  Gb  bsp.o [1]
bsp_Init                0x08002ab1   0x1e  Code  Gb  bsp.o [1]
bsp_InitHardTimer       0x08002d37   0x64  Code  Gb  bsp_timer.o [1]
bsp_InitKey             0x0800301d   0x76  Code  Gb  bsp_key.o [1]
bsp_InitKeyVar          0x080030d7   0x78  Code  Lc  bsp_key.o [1]
bsp_InitLed             0x0800324d   0x5a  Code  Gb  bsp_led.o [1]
bsp_InitTimer           0x08002c1d   0x46  Code  Gb  bsp_timer.o [1]
bsp_InitUart            0x08001fbd   0x3e  Code  Gb  bsp_uart_fifo.o [1]
bsp_KeyScan             0x08003239   0x12  Code  Gb  bsp_key.o [1]
bsp_LedOff              0x080032b3   0x2c  Code  Gb  bsp_led.o [1]
bsp_PutKey              0x0800309f   0x18  Code  Gb  bsp_key.o [1]
bsp_RunPer10ms          0x08002acf    0x4  Code  Gb  bsp.o [1]
bsp_RunPer1ms           0x08002ad3    0x4  Code  Gb  bsp.o [1]
bsp_StartAutoTimer      0x08002cd3   0x22  Code  Gb  bsp_timer.o [1]
comSendBuf              0x0800202b   0x78  Code  Gb  bsp_uart_fifo.o [1]
comSendChar             0x080020a3    0xc  Code  Gb  bsp_uart_fifo.o [1]
div                     0x08001e31    0xe  Code  Gb  div.o [3]
exit                    0x0800367f    0x4  Code  Gb  exit.o [3]
fputc                   0x08002401   0x10  Code  Gb  bsp_uart_fifo.o [1]
free                    0x080014a1   0x7a  Code  Gb  xxmemxfree.o [3]
g_RxBuf1                0x2000058c  0x400  Data  Lc  bsp_uart_fifo.o [1]
g_RxBuf2                0x20000d8c  0x400  Data  Lc  bsp_uart_fifo.o [1]
g_RxBuf3                0x2000158c  0x400  Data  Lc  bsp_uart_fifo.o [1]
g_TxBuf1                0x2000018c  0x400  Data  Lc  bsp_uart_fifo.o [1]
g_TxBuf2                0x2000098c  0x400  Data  Lc  bsp_uart_fifo.o [1]
g_TxBuf3                0x2000118c  0x400  Data  Lc  bsp_uart_fifo.o [1]
g_iRunTime              0x20001b50    0x4  Data  Gb  bsp_timer.o [1]
g_tUart1                0x20000164   0x28  Data  Lc  bsp_uart_fifo.o [1]
g_tUart2                0x20001ad8   0x28  Data  Lc  bsp_uart_fifo.o [1]
g_tUart3                0x20001b00   0x28  Data  Lc  bsp_uart_fifo.o [1]
g_usAdcValue            0x20001aae    0x2  Data  Gb  main.o [1]
localeconv              0x08001dff   0x16  Code  Gb  localeconv.o [3]
main                    0x08002729  0x18c  Code  Gb  main.o [1]
malloc                  0x0800135d   0xac  Code  Gb  xxmemxmalloc.o [3]
memchr                  0x080012f9         Code  Gb  memchr.o [5]
obuf                    0x20001a2c   0x50  Data  Lc  xfiles.o [3]
printf                  0x08002ad9   0x24  Code  Gb  printf.o [3]
putchar                 0x080036a5    0xc  Code  Gb  putchar.o [3]
s_TIM_CallBack1         0x20001b38    0x4  Data  Lc  bsp_timer.o [1]
s_TIM_CallBack2         0x20001b3c    0x4  Data  Lc  bsp_timer.o [1]
s_TIM_CallBack3         0x20001b40    0x4  Data  Lc  bsp_timer.o [1]
s_TIM_CallBack4         0x20001b44    0x4  Data  Lc  bsp_timer.o [1]
s_tBtn                  0x2000198c   0xa0  Data  Lc  bsp_key.o [1]
s_tKey                  0x20001b28   0x10  Data  Lc  bsp_key.o [1]
s_tTmr                  0x20001a7c   0x30  Data  Lc  bsp_timer.o [1]
s_ucTimeOutFlag         0x20001b48    0x1  Data  Lc  bsp_timer.o [1]
s_uiDelayCount          0x20001b4c    0x4  Data  Lc  bsp_timer.o [1]
strchr                  0x080012a9         Code  Gb  strchr.o [5]
strlen                  0x080012c1         Code  Gb  strlen.o [5]


[1] = F:\STM32\armfly\V4配套资料\02.配套例程\02.CPU内部资源例程（10个例子）\V4-007_ADC采集和软件滤波例程（V1.0）\67a5492c80c6aef8a123b9bbd4fc5690e22b3711\V4-007_ADC采集和软件滤波例程\Project\EWARMv6\Flash\Obj
[2] = command line
[3] = dl7M_tlf.a
[4] = m7M_tl.a
[5] = rt7M_tl.a
[6] = shb_l.a

  14 260 bytes of readonly  code memory
     123 bytes of readonly  data memory
  40 800 bytes of readwrite data memory

Errors: none
Warnings: none
